Usage:
  test echo [flags]

Flags:
      --a-bool                                                      
      --a-coin cosmos.base.v1beta1.Coin (json)                      
      --a-message testpb.AMessage (json)                            
      --an-address bech32 account address key name                  
      --an-enum Enum (unspecified | one | two | five | neg-three)    (default unspecified)
      --bz bytesBase64                                              
      --duration duration                                           
  -h, --help                                                        help for echo
      --i-32 int32                                                  
      --i-64 int                                                    
      --page-count-total                                            
      --page-key bytesBase64                                        
      --page-limit uint                                             
      --page-offset uint                                            
      --page-reverse                                                
      --str string                                                  
      --timestamp timestamp (RFC 3339)                              
      --u-32 uint32                                                 
      --u-64 uint
